// Jest Snapshot v1, https://goo.gl/fbAQLP

exports[`Logout component should render correctly 1`] = `
<div>
  <section
    class="pf-v5-l-page__main-section pf-v5-c-page__main-section land-c-page__logout"
  >
    <h1
      class="pf-v5-c-title pf-m-3xl"
      data-ouia-component-id="OUIA-Generated-Title-1"
      data-ouia-component-type="PF5/Title"
      data-ouia-safe="true"
    >
      You have logged out.
    </h1>
    <button
      aria-disabled="false"
      class="pf-v5-c-button pf-m-link"
      data-ouia-component-id="OUIA-Generated-Button-link-1"
      data-ouia-component-type="PF5/Button"
      data-ouia-safe="true"
      type="button"
    >
      Take me home
    </button>
  </section>
</div>
`;
