// Jest Snapshot v1, https://goo.gl/fbAQLP

exports[`Footer Menu component should render correctly 1`] = `
<Component
  className="ins-c-footer__menu pf-m-no-fill"
>
  <Component
    hasGutter={true}
    md={3}
    sm={12}
  >
    <Component>
      <Component>
        <Component
          component="h2"
        >
          Support and resources
        </Component>
      </Component>
      <a
        href="https://access.redhat.com/support"
      >
        Get support
      </a>
      <a
        href="https://access.redhat.com/support/customer-service"
      >
        Contact customer service
      </a>
    </Component>
    <Component>
      <Component>
        <Component
          component="h2"
        >
          About
        </Component>
      </Component>
      <a
        href="https://access.redhat.com/products/red-hat-insights#getstarted"
      >
        Red Hat Insights
      </a>
      <a
        href="https://access.redhat.com/products/cloud_management_services_for_rhel"
      >
        Red Hat Smart Management
      </a>
      <a
        href="https://www.openshift.com/"
      >
        Red Hat OpenShift
      </a>
    </Component>
    <Component>
      <Component>
        <Component
          component="h2"
        >
          Feedback
        </Component>
      </Component>
      <Component
        gutter="md"
      >
        <Component>
          <PaperPlaneAltIcon
            className="ins-c-icon__active"
            color="currentColor"
            noVerticalAlign={false}
            size="xl"
            title={null}
          />
        </Component>
        <Component
          isFilled={true}
        >
          <a
            className="ins-m-inline"
            href="javascript:;"
            tabIndex="0"
          >
            Tell us about your experience
          </a>
           using Red Hat Cloud Services software, and how we can improve.
        </Component>
      </Component>
    </Component>
  </Component>
</Component>
`;
