// Jest Snapshot v1, https://goo.gl/fbAQLP

exports[`Hero component should render correctly 1`] = `
<PageSection
  className="ins-c-hero pf-m-center ins-m-display-md"
  isWidthLimited={true}
>
  <WidthLimiter
    style={
      Object {
        "--pf-c-width-limiter--MaxWidth-on-lg": "45ch",
        "--pf-c-width-limiter--MaxWidth-on-md": "40ch",
        "--pf-c-width-limiter--MaxWidth-on-xl": "54ch",
      }
    }
  >
    <Flex
      className="pf-m-column"
      spaceItems={
        Object {
          "default": "spaceItemsXl",
        }
      }
    >
      <FlexItem
        spacer={
          Object {
            "default": "spacerMd",
            "md": "spacerXl",
          }
        }
      >
        <img
          alt="Insights Smart Management"
          aria-hidden="true"
          className="ins-c-hero__title-icon"
          src="https://cloud.redhat.com/apps/frontend-assets/icons/icon__cloud-red.svg"
        />
      </FlexItem>
      <Flex
        direction={
          Object {
            "default": "column",
          }
        }
        spaceItems={
          Object {
            "default": "spaceItemsLg",
          }
        }
      >
        <Title
          className="ins-c-hero__title pf-u-font-weight-light"
          headingLevel="h1"
        >
          Build, deploy, and optimize your hybrid cloud
        </Title>
        <Title
          className="pf-u-font-weight-light"
          headingLevel="h2"
          size="xl"
        >
          Access Red Hat’s managed applications and hosted services from the hybrid cloud console
        </Title>
      </Flex>
      <Flex
        spaceItems={
          Object {
            "default": "spaceItemsXl",
          }
        }
      >
        <Button
          className="ins-m-marketing"
          isLarge={true}
          onClick={[Function]}
          variant="primary"
        >
          Log in to your account
        </Button>
      </Flex>
    </Flex>
  </WidthLimiter>
</PageSection>
`;
