// Jest Snapshot v1, https://goo.gl/fbAQLP

exports[`render Marketing component should render correctly 1`] = `
<Provider
  store={
    Object {
      "clearActions": [Function],
      "dispatch": [Function],
      "getActions": [Function],
      "getState": [Function],
      "replaceReducer": [Function],
      "subscribe": [Function],
    }
  }
>
  <Connect(Marketing)>
    <Marketing
      dispatch={[Function]}
      technologies={Array []}
    >
      <Hero>
        <Component
          className="ins-c-hero pf-m-fill pf-l-flex pf-m-align-items-center pf-m-justify-content-center"
        >
          <section
            className="pf-c-page__main-section ins-c-hero pf-m-fill pf-l-flex pf-m-align-items-center pf-m-justify-content-center"
          >
            <article
              className="pf-l-flex pf-m-column pf-m-align-items-center"
            >
              <Component
                className="ins-c-hero__title pf-m-spacer-lg"
                headingLevel="h1"
                size="4xl"
              >
                <h1
                  className="pf-c-title pf-m-4xl ins-c-hero__title pf-m-spacer-lg"
                >
                  Explore our open, multicloud tools
                </h1>
              </Component>
              <Component
                className="ins-c-hero__sub-title pf-m-spacer-xl"
                headingLevel="h2"
              >
                <h2
                  className="pf-c-title pf-m-xl ins-c-hero__sub-title pf-m-spacer-xl"
                >
                  Discover Red Hat
                  <sup
                    className="ins-c-rball"
                  >
                    ®
                  </sup>
                  software-as-a-service
                </h2>
              </Component>
              <Component
                className="ins-c-hero__login"
                onClick={[Function]}
              >
                <button
                  aria-disabled={null}
                  aria-label={null}
                  className="pf-c-button pf-m-primary ins-c-hero__login"
                  data-ouia-component-id={null}
                  data-ouia-component-type="PF4/Button"
                  data-ouia-safe={true}
                  disabled={false}
                  onClick={[Function]}
                  tabIndex={null}
                  type="button"
                >
                  Log in to your Red Hat account
                </button>
              </Component>
              <Component
                className="ins-c-hero__new-customer"
                component="a"
                href="https://www.redhat.com/en/customers"
                isInline={true}
                variant="link"
              >
                <a
                  aria-disabled={false}
                  aria-label={null}
                  className="pf-c-button pf-m-link pf-m-inline ins-c-hero__new-customer"
                  data-ouia-component-id={null}
                  data-ouia-component-type="PF4/Button"
                  data-ouia-safe={true}
                  disabled={null}
                  href="https://www.redhat.com/en/customers"
                  tabIndex={null}
                  type={null}
                >
                  Not a customer?
                </a>
              </Component>
            </article>
          </section>
        </Component>
      </Hero>
      <Component
        className="ins-c-marketing pf-m-no-fill"
        landing-page-type="unauthenticated"
      >
        <section
          className="pf-c-page__main-section ins-c-marketing pf-m-no-fill"
          landing-page-type="unauthenticated"
        >
          <Component
            gutter="sm"
            md={6}
            sm={12}
            xl={6}
            xl2={4}
          >
            <div
              className="pf-l-grid pf-m-all-12-col-on-sm pf-m-all-6-col-on-md pf-m-all-6-col-on-xl pf-m-all-4-col-on-2xl"
              gutter="sm"
            />
          </Component>
        </section>
      </Component>
    </Marketing>
  </Connect(Marketing)>
</Provider>
`;
